[Wednesday/July 15/07/2026 18:02:26] /mnt/Data/TV Series/Game.of.Thrones.Season.1-8.S01-08.COMPLETE.1080p.BluRay.WEB.x265.10bit.6CH.ReEnc-LUMI/Season 1/Game.of.Thrones.S01E01.1080p.BluRay.x265.10bit.6CH.ReEnc-LUMI.mkv | length=3697.173 | time=3399.5
[Wednesday/July 15/07/2026 18:13:57] /mnt/Data/Movies/Finding Nemo (2003) [1080p]/Finding.Nemo.2003.1080p.BluRay.x264.YIFY.mp4 | length=6054.0586666667 | time=546.75454166667
[Wednesday/July 15/07/2026 18:14:04] /mnt/Data/TV Series/Game.of.Thrones.Season.1-8.S01-08.COMPLETE.1080p.BluRay.WEB.x265.10bit.6CH.ReEnc-LUMI/Season 1/Game.of.Thrones.S01E01.1080p.BluRay.x265.10bit.6CH.ReEnc-LUMI.mkv | length=3697.173 | time=3553.654
[Wednesday/July 15/07/2026 18:15:37] /mnt/Data/TV Series/Game.of.Thrones.Season.1-8.S01-08.COMPLETE.1080p.BluRay.WEB.x265.10bit.6CH.ReEnc-LUMI/Season 1/Game.of.Thrones.S01E01.1080p.BluRay.x265.10bit.6CH.ReEnc-LUMI.mkv | length=3697.173 | time=3637.78
[Monday/August 10/08/2026 17:25:14] /home/bita/Videos/Screen Captures/screen_mic_2026-08-10_17-24-42.mp4 | length=8.3666666666667 | time=8.3333333333333
[Monday/August 10/08/2026 17:25:22] /home/bita/Videos/Screen Captures/screen_2026-08-10_17-20-20.mp4 | length=4.5666666666667 | time=4.5333333333333
[Monday/August 10/08/2026 17:25:32] /home/bita/Videos/Screen Captures/screen_mic_2026-08-10_17-24-42.mp4 | length=8.3666666666667 | time=7.5666666666667
[Tuesday/August 11/08/2026 08:18:25] /home/bita/2026-08-11_08-01-23.mp4 | length=228.41666666667 | time=214.5
[Tuesday/August 11/08/2026 08:19:48] /home/bita/Videos/Screen Captures/screen_mic_2026-08-11_08-17-07.mp4 | length=51.2 | time=36.7
[Tuesday/August 11/08/2026 08:22:12] /home/bita/Videos/Screen Captures/screen_mic_2026-08-11_08-17-07.mp4 | length=51.2 | time=25.533333333333
[Tuesday/August 11/08/2026 08:22:16] /home/bita/Videos/Screen Captures/screen_mic_2026-08-10_17-24-42.mp4 | length=8.3666666666667 | time=2.0666666666667
[Tuesday/August 11/08/2026 08:23:41] /home/bita/Videos/Screen Captures/screen_mic_2026-08-11_08-22-59.mp4 | length=19.7 | time=19.666666666667
[Tuesday/August 11/08/2026 08:26:56] /home/bita/Videos/Screen Captures/screen_2026-08-11_08-26-23.mp4 | length=14.1 | time=6
[Tuesday/August 11/08/2026 08:39:26] /home/bita/Videos/Screen Captures/screen_2026-08-11_08-30-27.mp4 | length=519.2 | time=499.2
[Tuesday/August 11/08/2026 08:43:07] /home/bita/Videos/Screen Captures/screen_2026-08-11_08-42-12.mp4 | length=34.6 | time=34.4
[Wednesday/August 12/08/2026 08:05:09] /run/media/bita/T7/YoutubeChannel/PlainTextLab/Branding/The_Unfinished_Page.mp3 | length=30.772166666667 | time=8.3397379908595
[Wednesday/August 12/08/2026 08:05:45] /run/media/bita/T7/YoutubeChannel/PlainTextLab/Branding/Channel_Intro.mov | length=5.8333333333333 | time=5.7916666666667
[Friday/August 14/08/2026 06:05:59] /home/bita/Videos/Screen Captures/screen_2026-08-11_19-00-26.mp4 | length=33.1 | time=32.1
[Friday/August 14/08/2026 06:06:25] /home/bita/Videos/Screen Captures/screen_2026-08-14_06-05-12.mp4 | length=12.6 | time=12.366666666667
[Friday/August 14/08/2026 06:12:22] /home/bita/Videos/Screen Captures/screen_2026-08-14_06-11-08.mp4 | length=27.733333333333 | time=25.933333333333
[Friday/August 14/08/2026 06:22:50] /home/bita/Music/Voice Recordings/mic_2026-08-14_06-21-49.mp3 | length=24.05 | time=11.95498089261
[Friday/August 14/08/2026 06:26:56] /home/bita/Music/Voice Recordings/mic_2026-08-14_06-25-52.mp3 | length=31.05 | time=21.260507762277
[Friday/August 14/08/2026 06:33:22] /home/bita/Videos/Screen Captures/screen_2026-08-14_06-30-45.mp4 | length=62.2 | time=62.166666666667
[Friday/August 14/08/2026 20:02:22] /run/media/bita/T7/YoutubeChannel/Nirob/Background/9905536-hd_1920_1080_30fps.mp4 | length=20.02 | time=1.2012
[Friday/August 14/08/2026 20:02:32] /run/media/bita/T7/YoutubeChannel/Nirob/assets/fire.mp4 | length=40.32 | time=1.56
[Friday/August 14/08/2026 20:02:35] /run/media/bita/T7/YoutubeChannel/Nirob/assets/fireworks.mp4 | length=14.055708333333 | time=0.79245833333333
[Friday/August 14/08/2026 20:10:18] /run/media/bita/T7/YoutubeChannel/Nirob/Videos/Raja tor kapor kothay/raja_tor_kapor_kothay.mp4 | length=210.25 | time=210.20833333333
[Friday/August 14/08/2026 23:33:32] /home/bita/Videos/Screen Captures/screen_2026-08-14_23-30-26.mp4 | length=125.23333333333 | time=75.666666666667
[Friday/August 14/08/2026 23:35:03] /home/bita/Videos/Screen Captures/screen_2026-08-14_23-34-21.mp4 | length=6.2 | time=6.1666666666667
[Saturday/August 15/08/2026 08:08:55] /home/bita/Videos/Screen Captures/screen_2026-08-15_07-50-55.mp4 | length=1027 | time=991.03333333333
[Saturday/August 15/08/2026 08:10:13] /home/bita/Videos/Screen Captures/screen_2026-08-15_06-22-50.mp4 | length=1201.4 | time=1147.8666666667
[Saturday/August 15/08/2026 08:10:20] /home/bita/Videos/Screen Captures/screen_2026-08-15_07-50-55.mp4 | length=1027 | time=880.76666666667
[Sunday/August 16/08/2026 08:43:16] /run/media/bita/T7/YoutubeChannel/PlainTextLab/Videos/01_linux_is_not_waht_you_think/2026-08-16_08-31-25.mov | length=542.63333333333 | time=357.78333333333
[Tuesday/August 18/08/2026 19:45:01] /home/bita/icloud/cpu sound.m4a | length=18.752 | time=10.045240521
[Tuesday/August 18/08/2026 21:10:05] /home/bita/Downloads/Hasi Male Version Hamari Adhuri Kahani Original Motion Picturetrack 320 Kbps.mp3 | length=272.74158888889 | time=272.51237824127
[Tuesday/August 18/08/2026 21:16:03] /home/bita/Downloads/Humnava Hamari Adhuri Kahani Original Motion Picturetrack 320 Kbps.mp3 | length=328.86422222222 | time=328.61913839697
[Wednesday/August 19/08/2026 06:44:10] /home/bita/Videos/untitled.mp4 | length=42.965 | time=30.4
[Wednesday/August 19/08/2026 07:45:23] /home/bita/Videos/Screen Captures/screen_2026-08-19_07-44-14.mp4 | length=28.233333333333 | time=7.6
[Sunday/August 23/08/2026 11:11:20] /home/bita/Downloads/Iron Pulse.mp4 | length=129.216 | time=0
[Friday/August 28/08/2026 18:32:55] /run/media/bita/T7/YoutubeChannel/Nirob/Videos/brishti bheja tumi/নেই শুধু বৃষ্টি ভেজা তুমি 9.wav | length=221.56 | time=37.538996978667
[Friday/August 28/08/2026 18:44:17] /run/media/bita/T7/YoutubeChannel/Nirob/Videos/brishti bheja tumi/নেই শুধু বৃষ্টি ভেজা তুমি 8.wav | length=233.8 | time=233.53627065066
[Friday/August 28/08/2026 18:46:42] /run/media/bita/T7/YoutubeChannel/Nirob/Videos/brishti bheja tumi/নেই শুধু বৃষ্টি ভেজা তুমি 8.wav | length=233.8 | time=118.941855476
[Friday/August 28/08/2026 18:50:15] /home/bita/Downloads/নেই শুধু বৃষ্টি ভেজা তুমি 8.wav | length=233.8 | time=200.43523625567
[Friday/August 28/08/2026 19:23:46] /run/media/bita/T7/YoutubeChannel/Nirob/Background/7043616-hd_1280_720_25fps.mp4 | length=41.493333333333 | time=1.68
[Friday/August 28/08/2026 19:35:17] /run/media/bita/T7/YoutubeChannel/Nirob/Videos/brishti bheja tumi/brishti bheja tumi.mp4 | length=231.16666666667 | time=145.66666666667
[Tuesday/September 01/09/2026 07:44:56] /home/bita/Videos/Screen Captures/screen_2026-09-01_07-41-54.mp4 | length=133.3 | time=133.26666666667
[Tuesday/September 22/09/2026 19:43:38] /mnt/Data/Movies/Coherence (2013)/Coherence.2013.720p.BluRay.x264.YIFY.mp4 | length=5273.088 | time=227.45833333333
[Tuesday/September 22/09/2026 19:44:11] /mnt/Data/Movies/28 Years Later The Bone Temple (2026) [1080p] [WEBRip] [x265] [10bit] [5.1] [YTS.BZ]/28.Years.Later.The.Bone.Temple.2026.1080p.WEBRip.x265.10bit.AAC5.1-[YTS.BZ].mp4 | length=6560.416 | time=3915.8285833333
[Tuesday/September 22/09/2026 22:50:06] /mnt/Data/Movies/Hitchcock/Murder! (1930) [BluRay] [720p] [YTS.LT]/Murder!.1930.720p.BluRay.x264-[YTS.LT].mp4 | length=6138.133 | time=2400.3562916667
[Friday/September 25/09/2026 19:04:49] /home/bita/Downloads/যা বলা হয়নি.wav | length=272.4 | time=68.224
[Sunday/September 27/09/2026 09:50:25] /home/bita/Downloads/পাতা আছে বাকি.mp4 | length=197.61 | time=189.6
[Monday/September 28/09/2026 19:48:08] /media/bita/T7/Satyajit Ray Movies/Kanchenjungha 1962.mp4 | length=5810.4670558799 | time=4519.9749791493
[Tuesday/September 29/09/2026 10:43:30] /media/bita/T7/YoutubeChannel/PlainTextLab/Branding/Channel_Intro.mov | length=5.8333333333333 | time=5.7916666666667
[Tuesday/September 29/09/2026 11:48:47] /home/bita/Videos/test.mp4 | length=11.7665 | time=9.100136
[Tuesday/September 29/09/2026 12:07:00] /home/bita/Videos/Video_2026-09-29_11-52-12.mp4 | length=837.5065 | time=802.900155
[Tuesday/September 29/09/2026 12:07:05] /home/bita/Videos/Video_2026-09-29_11-51-15.mp4 | length=4.1265 | time=4.1265
[Tuesday/September 29/09/2026 12:07:42] /media/bita/T7/YoutubeChannel/PlainTextLab/Videos/02-linux-gaming/videos/Video_2026-09-29_11-52-12.mp4 | length=837.5065 | time=685.483447
[Tuesday/September 29/09/2026 18:42:27] /media/bita/T7/YoutubeChannel/Nirob/Videos/ja bola hoini/যা বলা হয়নি.wav | length=272.4 | time=272.11785306865
[Wednesday/September 30/09/2026 07:24:07] /media/bita/T7/YoutubeChannel/PlainTextLab/Videos/02-linux-gaming/videos/screen_2026-09-30_07-14-42.mp4 | length=479.86666666667 | time=355.83333333333
[Thursday/October 01/10/2026 07:57:13] /home/bita/DaVinci Resolve Media/linux-gaming/Audio Files/VoiceConvert/1-Male 2 US.wav | length=8.25 | time=7.0949810363333
[Thursday/October 01/10/2026 10:23:58] /media/bita/T7/YoutubeChannel/PlainTextLab/Branding/The_Unfinished_Page.mp3 | length=30.772166666667 | time=5.9814742284739
[Thursday/October 01/10/2026 17:03:00] /media/bita/T7/YoutubeChannel/archive/PlainTextLab/OLD/Projects/OLD/01_Hide_Folders/Audio/00_intro.m4a | length=68.009333333333 | time=3.4699747926667
[Thursday/October 01/10/2026 17:03:18] /media/bita/T7/YoutubeChannel/archive/PlainTextLab/OLD/Projects/OLD/01_Hide_Folders/Audio/01_audio_ownvoice.wav | length=95.957354166667 | time=7.938353741
[Thursday/October 01/10/2026 20:05:39] /media/bita/T7/YoutubeChannel/PlainTextLab/Music/Server Room Drift (1).wav | length=134.88 | time=4.115453246
[Thursday/October 01/10/2026 20:05:45] /media/bita/T7/YoutubeChannel/PlainTextLab/Music/synth/Terminal Midnight.mp3 | length=119.664 | time=22.569242208277
[Friday/October 02/10/2026 05:40:53] /home/bita/Videos/gaming-on-linux.wav | length=858.70833333333 | time=6.438176091
[Friday/October 02/10/2026 05:42:36] /home/bita/Videos/gaming-on-linux.mp3 | length=858.744 | time=144.83673227461
[Friday/October 02/10/2026 19:55:57] /home/bita/Videos/Video_2026-10-02_19-05-37.mkv | length=2977.094 | time=1758.916
[Friday/October 02/10/2026 20:17:56] /home/bita/Videos/output.mp4 | length=2977.1 | time=2451.1
[Friday/October 02/10/2026 23:45:17] /media/bita/T7/YoutubeChannel/archive/PlainTextLab/Music/archive/Walk with the Fire - Punch Deck/punch-deck-walk-with-the-fire.wav | length=245.77884353741 | time=4.8902512061406
[Saturday/October 03/10/2026 00:20:41] /home/bita/Videos/gaming-on-linux.mp4 | length=892.875 | time=780.41666666667
[Saturday/October 03/10/2026 00:21:14] /media/bita/T7/YoutubeChannel/PlainTextLab/Videos/00_linux_gaming/gaming-on-linux.mp4 | length=892.875 | time=617.33333333333
[Saturday/October 03/10/2026 04:28:19] /media/bita/T7/YoutubeChannel/PlainTextLab/Videos/Common/Transition_old_tv.mp4 | length=8.3616666666667 | time=5.8058
[Saturday/October 03/10/2026 08:39:09] /media/bita/T7/YoutubeChannel/PlainTextLab/Branding/The_Unfinished_Page.mp3 | length=30.772166666667 | time=8.4981587514354
[Saturday/October 03/10/2026 08:39:26] /media/bita/T7/YoutubeChannel/PlainTextLab/Music/punch-deck-walk-with-the-fire.wav | length=245.77884353741 | time=30.16165027788
[Saturday/October 03/10/2026 09:13:19] /media/bita/T7/YoutubeChannel/PlainTextLab/Music/Server Room Drift.wav | length=169.84 | time=4.487118881
[Saturday/October 03/10/2026 09:13:27] /media/bita/T7/YoutubeChannel/PlainTextLab/Music/synth/Terminal Midnight.mp3 | length=119.664 | time=5.58071287361
[Saturday/October 03/10/2026 20:51:54] /media/bita/T7/YoutubeChannel/PlainTextLab/Videos/uploaded/00_linux_gaming/gaming-on-linux.mp4 | length=892.875 | time=49.041666666667
[Saturday/October 03/10/2026 23:21:15] /home/bita/Videos/Video_2026-10-03_11-11-25.mkv | length=0 | time=380.666
[Saturday/October 03/10/2026 23:21:39] /home/bita/Videos/Video_2026-10-03_10-43-22.mkv | length=1668.714 | time=679.414
[Saturday/October 03/10/2026 23:22:04] /home/bita/Videos/Video_2026-10-02_19-05-37.mkv | length=2977.094 | time=2884.4
[Saturday/October 03/10/2026 23:22:16] /home/bita/Videos/Video_2026-10-03_05-11-38.mkv | length=1422.834 | time=1352.383
[Saturday/October 03/10/2026 23:22:42] /home/bita/Videos/Video_2026-10-02_19-05-37.mkv | length=2977.094 | time=127.417
[Saturday/October 03/10/2026 23:24:45] /media/bita/T7/YoutubeChannel/PlainTextLab/Videos/01-why-some-game-refuses-to-run-on-linux/obs/riders_republic.mkv | length=1668.714 | time=2.431
[Sunday/October 04/10/2026 05:32:51] /home/bita/Videos/Screen Captures/screen_2026-10-04_05-30-26.mp4 | length=13.2 | time=1.7333333333333
[Sunday/October 04/10/2026 05:33:06] /home/bita/Videos/Screen Captures/screen_2026-10-04_05-31-17.mp4 | length=38.733333333333 | time=6.8333333333333
[Sunday/October 04/10/2026 05:33:18] /home/bita/Videos/Screen Captures/screen_2026-10-04_05-32-04.mp4 | length=17.2 | time=15.766666666667
[Sunday/October 04/10/2026 08:39:16] /home/bita/Desktop/Red and White Simple Modern Subscribe Button Youtube Outro Video.mp4 | length=7.2333333333333 | time=4.4666666666667
[Sunday/October 04/10/2026 09:50:02] /media/bita/T7/YoutubeChannel/PlainTextLab/Branding/subscribe_anim/Subscribe.mov | length=7.2083333333333 | time=7.1666666666667
[Sunday/October 04/10/2026 10:44:52] /media/bita/T7/YoutubeChannel/PlainTextLab/Videos/01-why-some-game-refuses-to-run-on-linux/01_why-some-games-doesnt-run-on-linux.mp4 | length=803.16666666667 | time=790.41666666667
[Tuesday/October 06/10/2026 10:22:46] /media/bita/T7/YoutubeChannel/PlainTextLab/Videos/02-beginner-linux/videos/screen_2026-10-06_10-22-03.mp4 | length=13.166666666667 | time=9.8333333333333
[Tuesday/October 06/10/2026 10:22:53] /media/bita/T7/YoutubeChannel/PlainTextLab/Videos/02-beginner-linux/videos/screen_2026-10-06_10-19-13.mp4 | length=41.666666666667 | time=35.7
[Tuesday/October 06/10/2026 18:23:22] /media/bita/T7/YoutubeChannel/PlainTextLab/Assets/B-rolls/video_20261006_180459.mp4 | length=11.614488888889 | time=11.597833333333
[Wednesday/October 07/10/2026 06:46:04] /Volumes/T7/RESOLVE/Media/Footage/Stock Footages/kids/pexels-kampus-production-8174315 (Original).mp4_CONVERTED.mov_NOAUDIO.mov | length=11.28 | time=2.16
[Wednesday/October 07/10/2026 06:47:20] /Volumes/T7/RESOLVE/Media/Footage/Stock Footages/new/pexels-artem-podrez-8987273 (2160p).mp4_CONVERTED.mov_NOAUDIO.mov | length=13.933333333333 | time=3.7
[Wednesday/October 07/10/2026 07:06:52] /home/bita/Videos/Screen Captures/screen_2026-10-07_07-01-32.mp4 | length=36.7 | time=15.533333333333
[Wednesday/October 07/10/2026 07:07:03] /home/bita/Videos/Screen Captures/screen_2026-10-07_07-04-25.mp4 | length=36.2 | time=13.766666666667
[Wednesday/October 07/10/2026 07:50:25] /home/bita/Videos/Screen Captures/screen_2026-10-07_07-27-07.mp4 | length=1382.5333333333 | time=1364.4333333333
[Wednesday/October 07/10/2026 08:14:29] /home/bita/Videos/Screen Captures/screen_2026-10-07_07-27-07.mp4 | length=1382.5333333333 | time=785.33333333333
[Wednesday/October 07/10/2026 08:14:35] /home/bita/Videos/Screen Captures/screen_2026-10-07_08-11-22.mp4 | length=167.73333333333 | time=100.73333333333
[Wednesday/October 07/10/2026 08:36:38] /home/bita/Videos/Screen Captures/screen_2026-10-07_08-35-38.mp4 | length=40.2 | time=37.033333333333
[Wednesday/October 07/10/2026 12:23:43] /home/bita/Videos/Screen Captures/screen_2026-10-07_12-22-07.mp4 | length=57.233333333333 | time=24.566666666667
[Wednesday/October 07/10/2026 16:26:17] /home/bita/Downloads/video_20261007_162415.mp4 | length=6.4426666666667 | time=6.22029403
